10 => Processing triangulated mesh
10 => Processing triangulated mesh
10 => Processing triangulated mesh
10 => Processing triangulated mesh
10 => Processing triangulated mesh
10 => Processing triangulated mesh
20 => Generating perimeters
10 => Processing triangulated mesh
10 => Processing triangulated mesh
10 => Processing triangulated mesh
10 => Processing triangulated mesh
10 => Processing triangulated mesh
20 => Generating perimeters
20 => Generating perimeters
20 => Generating perimeters
30 => Preparing infill
20 => Generating perimeters
20 => Generating perimeters
20 => Generating perimeters
20 => Generating perimeters
30 => Preparing infill
30 => Preparing infill
20 => Generating perimeters
20 => Generating perimeters
30 => Preparing infill
30 => Preparing infill
45 => Making infill
45 => Making infill
30 => Preparing infill
45 => Making infill
30 => Preparing infill
30 => Preparing infill
30 => Preparing infill
45 => Making infill
30 => Preparing infill
45 => Making infill
20 => Generating perimeters
45 => Making infill
45 => Making infill
45 => Making infill
30 => Preparing infill
45 => Making infill
45 => Making infill
45 => Making infill
65 => Searching support spots
65 => Searching support spots
65 => Searching support spots
65 => Searching support spots
65 => Searching support spots
65 => Searching support spots
65 => Searching support spots
65 => Searching support spots
65 => Searching support spots
65 => Searching support spots
65 => Searching support spots
69 => Alert if supports needed
88 => Estimating curled extrusions
88 => Estimating curled extrusions
88 => Estimating curled extrusions
88 => Estimating curled extrusions
88 => Estimating curled extrusions
88 => Estimating curled extrusions
88 => Estimating curled extrusions
88 => Estimating curled extrusions
89 => Calculating overhanging perimeters
88 => Estimating curled extrusions
88 => Estimating curled extrusions
89 => Calculating overhanging perimeters
89 => Calculating overhanging perimeters
89 => Calculating overhanging perimeters
88 => Estimating curled extrusions
89 => Calculating overhanging perimeters
89 => Calculating overhanging perimeters
89 => Calculating overhanging perimeters
89 => Calculating overhanging perimeters
89 => Calculating overhanging perimeters
89 => Calculating overhanging perimeters
89 => Calculating overhanging perimeters
88 => Generating skirt and brim
90 => Exporting G-code to /tmp/zoomer_main_single_material.gcode
Slicing result exported to /tmp/zoomer_main_single_material.gcode
