Blender 4.5.14 LTS (hash 62c1db4208e8 built 2026-09-15 01:30:44)
Read blend: "/Users/dgoldenh/Documents/GitHub/zoomer3D/assets/zoomer_modular.blend"
Timer 'STL Import' took 0.46 ms
Timer 'STL Import' took 2.07 ms
Timer 'STL Import' took 0.45 ms
Fra:1 Mem:16.62M (Peak 16.62M) | Time:00:00.00 | Mem:0.00M, Peak:0.00M | Scene, ViewLayer | Synchronizing object | base_deck | blue
Fra:1 Mem:16.63M (Peak 16.63M) | Time:00:00.00 | Mem:0.00M, Peak:0.00M | Scene, ViewLayer | Synchronizing object | left_arm | red
Fra:1 Mem:16.64M (Peak 16.64M) | Time:00:00.00 | Mem:0.00M, Peak:0.00M | Scene, ViewLayer | Synchronizing object | right_arm | red
Fra:1 Mem:16.64M (Peak 16.64M) | Time:00:00.00 | Mem:0.00M, Peak:0.00M | Scene, ViewLayer | Synchronizing object | right_track | dark
Fra:1 Mem:16.65M (Peak 16.65M) | Time:00:00.00 | Mem:0.00M, Peak:0.00M | Scene, ViewLayer | Synchronizing object | torso | green
Fra:1 Mem:16.65M (Peak 16.65M) | Time:00:00.00 | Mem:0.00M, Peak:0.00M | Scene, ViewLayer | Synchronizing object | torso | red
Fra:1 Mem:16.82M (Peak 16.82M) | Time:00:00.00 | Mem:0.00M, Peak:0.00M | Scene, ViewLayer | Synchronizing object | waist_column | blue
Fra:1 Mem:16.90M (Peak 16.90M) | Time:00:00.00 | Mem:0.00M, Peak:0.00M | Scene, ViewLayer | Synchronizing object | waist_column | red
Fra:1 Mem:16.91M (Peak 16.94M) | Time:00:00.00 | Mem:0.00M, Peak:0.00M | Scene, ViewLayer | Synchronizing object | Area
Fra:1 Mem:17.09M (Peak 17.09M) | Time:00:00.00 | Mem:0.00M, Peak:0.00M | Scene, ViewLayer | Synchronizing object | Area.001
Fra:1 Mem:17.09M (Peak 17.09M) | Time:00:00.00 | Mem:0.00M, Peak:0.00M | Scene, ViewLayer | Synchronizing object | faceted_shell
Fra:1 Mem:17.33M (Peak 17.33M) | Time:00:00.00 | Mem:0.00M, Peak:0.00M | Scene, ViewLayer | Synchronizing object | shared_cap
Fra:1 Mem:21.08M (Peak 21.17M) | Time:00:00.00 | Mem:0.00M, Peak:0.00M | Scene, ViewLayer | Initializing
Fra:1 Mem:19.43M (Peak 21.17M) | Time:00:00.00 | Mem:0.00M, Peak:0.00M | Scene, ViewLayer | Waiting for render to start
Fra:1 Mem:19.43M (Peak 21.17M) | Time:00:00.00 | Mem:0.00M, Peak:0.00M | Scene, ViewLayer | Updating Scene
Fra:1 Mem:19.43M (Peak 21.17M) | Time:00:00.00 | Mem:0.00M, Peak:0.00M | Scene, ViewLayer | Updating Shaders
Fra:1 Mem:19.43M (Peak 21.17M) | Time:00:00.00 | Mem:0.00M, Peak:0.00M | Scene, ViewLayer | Loading render kernels (may take a few minutes the first time)
Fra:1 Mem:19.52M (Peak 21.17M) | Time:00:00.00 | Mem:0.01M, Peak:0.01M | Scene, ViewLayer | Updating Procedurals
Fra:1 Mem:19.52M (Peak 21.17M) | Time:00:00.00 | Mem:0.01M, Peak:0.01M | Scene, ViewLayer | Updating Background
Fra:1 Mem:19.52M (Peak 21.17M) | Time:00:00.00 | Mem:0.01M, Peak:0.01M | Scene, ViewLayer | Updating Camera
Fra:1 Mem:19.52M (Peak 21.17M) | Time:00:00.00 | Mem:0.01M, Peak:0.01M | Scene, ViewLayer | Updating Meshes Flags
Fra:1 Mem:19.52M (Peak 21.17M) | Time:00:00.00 | Mem:0.01M, Peak:0.01M | Scene, ViewLayer | Updating Objects
Fra:1 Mem:19.52M (Peak 21.17M) | Time:00:00.00 | Mem:0.01M, Peak:0.01M | Scene, ViewLayer | Updating Objects | Copying Transformations to device
Fra:1 Mem:19.53M (Peak 21.17M) | Time:00:00.00 | Mem:0.02M, Peak:0.02M | Scene, ViewLayer | Updating Particle Systems
Fra:1 Mem:19.53M (Peak 21.17M) | Time:00:00.00 | Mem:0.02M, Peak:0.02M | Scene, ViewLayer | Updating Particle Systems | Copying Particles to device
Fra:1 Mem:19.53M (Peak 21.17M) | Time:00:00.00 | Mem:0.02M, Peak:0.02M | Scene, ViewLayer | Updating Meshes
Fra:1 Mem:19.53M (Peak 21.17M) | Time:00:00.00 | Mem:0.02M, Peak:0.02M | Scene, ViewLayer | Updating Objects | Applying Static Transformations
Fra:1 Mem:19.53M (Peak 21.17M) | Time:00:00.00 | Mem:0.02M, Peak:0.02M | Scene, ViewLayer | Updating Mesh | Computing attributes
Fra:1 Mem:19.84M (Peak 21.17M) | Time:00:00.00 | Mem:0.02M, Peak:0.02M | Scene, ViewLayer | Updating Mesh | Copying Attributes to device
Fra:1 Mem:19.83M (Peak 21.17M) | Time:00:00.00 | Mem:0.32M, Peak:0.32M | Scene, ViewLayer | Updating Scene BVH | Building
Fra:1 Mem:19.83M (Peak 21.17M) | Time:00:00.00 | Mem:0.32M, Peak:0.32M | Scene, ViewLayer | Updating Scene BVH | Building BVH
Fra:1 Mem:19.83M (Peak 21.17M) | Time:00:00.00 | Mem:1.92M, Peak:1.92M | Scene, ViewLayer | Updating Scene BVH | Building BVH 0%
Fra:1 Mem:19.83M (Peak 21.17M) | Time:00:00.00 | Mem:3.82M, Peak:5.41M | Scene, ViewLayer | Updating Scene BVH | Copying BVH to device
Fra:1 Mem:19.83M (Peak 21.17M) | Time:00:00.00 | Mem:3.82M, Peak:5.41M | Scene, ViewLayer | Updating Mesh | Computing normals
Fra:1 Mem:21.24M (Peak 21.24M) | Time:00:00.01 | Mem:3.82M, Peak:5.41M | Scene, ViewLayer | Updating Mesh | Copying Mesh to device
Fra:1 Mem:21.24M (Peak 21.24M) | Time:00:00.01 | Mem:5.22M, Peak:5.41M | Scene, ViewLayer | Updating Objects Flags
Fra:1 Mem:21.24M (Peak 21.24M) | Time:00:00.01 | Mem:5.22M, Peak:5.41M | Scene, ViewLayer | Updating Primitive Offsets
Fra:1 Mem:21.24M (Peak 21.24M) | Time:00:00.01 | Mem:5.22M, Peak:5.41M | Scene, ViewLayer | Updating Images
Fra:1 Mem:21.24M (Peak 21.24M) | Time:00:00.01 | Mem:5.22M, Peak:5.41M | Scene, ViewLayer | Updating Camera Volume
Fra:1 Mem:21.24M (Peak 21.24M) | Time:00:00.01 | Mem:5.22M, Peak:5.41M | Scene, ViewLayer | Updating Lookup Tables
Fra:1 Mem:21.24M (Peak 21.24M) | Time:00:00.01 | Mem:5.30M, Peak:5.41M | Scene, ViewLayer | Updating Lights
Fra:1 Mem:21.24M (Peak 21.24M) | Time:00:00.01 | Mem:5.30M, Peak:5.41M | Scene, ViewLayer | Updating Lights | Computing tree
Fra:1 Mem:21.24M (Peak 21.24M) | Time:00:00.01 | Mem:5.31M, Peak:5.41M | Scene, ViewLayer | Updating Integrator
Fra:1 Mem:21.24M (Peak 21.24M) | Time:00:00.01 | Mem:5.31M, Peak:5.41M | Scene, ViewLayer | Updating Film
Fra:1 Mem:21.24M (Peak 21.24M) | Time:00:00.01 | Mem:5.22M, Peak:5.41M | Scene, ViewLayer | Updating Lookup Tables
Fra:1 Mem:21.24M (Peak 21.24M) | Time:00:00.01 | Mem:5.31M, Peak:5.41M | Scene, ViewLayer | Updating Baking
Fra:1 Mem:21.24M (Peak 21.24M) | Time:00:00.01 | Mem:5.31M, Peak:5.41M | Scene, ViewLayer | Updating Device | Writing constant memory
Fra:1 Mem:21.24M (Peak 21.24M) | Time:00:00.01 | Mem:5.31M, Peak:5.41M | Scene, ViewLayer | Loading denoising kernels (may take a few minutes the first time)
Fra:1 Mem:21.24M (Peak 21.24M) | Time:00:00.01 | Mem:5.31M, Peak:5.41M | Scene, ViewLayer | Sample 0/24
Fra:1 Mem:83.53M (Peak 83.53M) | Time:00:00.03 | Remaining:00:00.55 | Mem:67.28M, Peak:67.28M | Scene, ViewLayer | Sample 1/24
Fra:1 Mem:109.63M (Peak 148.77M) | Time:00:01.65 | Mem:67.28M, Peak:67.28M | Scene, ViewLayer | Sample 24/24
Fra:1 Mem:109.63M (Peak 148.77M) | Time:00:01.65 | Mem:67.28M, Peak:67.28M | Scene, ViewLayer | Finished
Saved: '/Users/dgoldenh/Documents/GitHub/zoomer3D/print/flat_window_domes/qa/faceted_robot.png'
Time: 00:01.73 (Saving: 00:00.08)

Fra:1 Mem:18.15M (Peak 18.15M) | Time:00:00.00 | Mem:0.00M, Peak:0.00M | Scene, ViewLayer | Synchronizing object | head | blue
Fra:1 Mem:18.15M (Peak 18.15M) | Time:00:00.00 | Mem:0.00M, Peak:0.00M | Scene, ViewLayer | Synchronizing object | Area
Fra:1 Mem:18.15M (Peak 18.15M) | Time:00:00.00 | Mem:0.00M, Peak:0.00M | Scene, ViewLayer | Synchronizing object | shared_cap
Fra:1 Mem:18.76M (Peak 18.76M) | Time:00:00.00 | Mem:0.00M, Peak:0.00M | Scene, ViewLayer | Initializing
Fra:1 Mem:17.99M (Peak 18.76M) | Time:00:00.00 | Mem:0.00M, Peak:0.00M | Scene, ViewLayer | Waiting for render to start
Fra:1 Mem:17.99M (Peak 18.76M) | Time:00:00.00 | Mem:0.00M, Peak:0.00M | Scene, ViewLayer | Updating Scene
Fra:1 Mem:17.99M (Peak 18.76M) | Time:00:00.00 | Mem:0.00M, Peak:0.00M | Scene, ViewLayer | Updating Shaders
Fra:1 Mem:17.99M (Peak 18.76M) | Time:00:00.00 | Mem:0.00M, Peak:0.00M | Scene, ViewLayer | Loading render kernels (may take a few minutes the first time)
Fra:1 Mem:18.07M (Peak 18.76M) | Time:00:00.00 | Mem:0.01M, Peak:0.01M | Scene, ViewLayer | Updating Procedurals
Fra:1 Mem:18.07M (Peak 18.76M) | Time:00:00.00 | Mem:0.01M, Peak:0.01M | Scene, ViewLayer | Updating Background
Fra:1 Mem:18.07M (Peak 18.76M) | Time:00:00.00 | Mem:0.01M, Peak:0.01M | Scene, ViewLayer | Updating Camera
Fra:1 Mem:18.07M (Peak 18.76M) | Time:00:00.00 | Mem:0.01M, Peak:0.01M | Scene, ViewLayer | Updating Meshes Flags
Fra:1 Mem:18.07M (Peak 18.76M) | Time:00:00.00 | Mem:0.01M, Peak:0.01M | Scene, ViewLayer | Updating Objects
Fra:1 Mem:18.07M (Peak 18.76M) | Time:00:00.00 | Mem:0.01M, Peak:0.01M | Scene, ViewLayer | Updating Objects | Copying Transformations to device
Fra:1 Mem:18.08M (Peak 18.76M) | Time:00:00.00 | Mem:0.01M, Peak:0.01M | Scene, ViewLayer | Updating Particle Systems
Fra:1 Mem:18.08M (Peak 18.76M) | Time:00:00.00 | Mem:0.01M, Peak:0.01M | Scene, ViewLayer | Updating Particle Systems | Copying Particles to device
Fra:1 Mem:18.08M (Peak 18.76M) | Time:00:00.00 | Mem:0.01M, Peak:0.01M | Scene, ViewLayer | Updating Meshes
Fra:1 Mem:18.08M (Peak 18.76M) | Time:00:00.00 | Mem:0.01M, Peak:0.01M | Scene, ViewLayer | Updating Objects | Applying Static Transformations
Fra:1 Mem:18.08M (Peak 18.76M) | Time:00:00.00 | Mem:0.01M, Peak:0.01M | Scene, ViewLayer | Updating Mesh | Computing attributes
Fra:1 Mem:18.17M (Peak 18.76M) | Time:00:00.00 | Mem:0.01M, Peak:0.01M | Scene, ViewLayer | Updating Mesh | Copying Attributes to device
Fra:1 Mem:18.17M (Peak 18.76M) | Time:00:00.00 | Mem:0.10M, Peak:0.10M | Scene, ViewLayer | Updating Scene BVH | Building
Fra:1 Mem:18.17M (Peak 18.76M) | Time:00:00.00 | Mem:0.10M, Peak:0.10M | Scene, ViewLayer | Updating Scene BVH | Building BVH
Fra:1 Mem:18.17M (Peak 18.76M) | Time:00:00.00 | Mem:0.58M, Peak:0.58M | Scene, ViewLayer | Updating Scene BVH | Building BVH 0%
Fra:1 Mem:18.17M (Peak 18.76M) | Time:00:00.00 | Mem:1.15M, Peak:1.63M | Scene, ViewLayer | Updating Scene BVH | Copying BVH to device
Fra:1 Mem:18.17M (Peak 18.76M) | Time:00:00.00 | Mem:1.15M, Peak:1.63M | Scene, ViewLayer | Updating Mesh | Computing normals
Fra:1 Mem:18.59M (Peak 18.76M) | Time:00:00.00 | Mem:1.15M, Peak:1.63M | Scene, ViewLayer | Updating Mesh | Copying Mesh to device
Fra:1 Mem:18.59M (Peak 18.76M) | Time:00:00.00 | Mem:1.57M, Peak:1.63M | Scene, ViewLayer | Updating Objects Flags
Fra:1 Mem:18.59M (Peak 18.76M) | Time:00:00.00 | Mem:1.57M, Peak:1.63M | Scene, ViewLayer | Updating Primitive Offsets
Fra:1 Mem:18.59M (Peak 18.76M) | Time:00:00.00 | Mem:1.57M, Peak:1.63M | Scene, ViewLayer | Updating Images
Fra:1 Mem:18.59M (Peak 18.76M) | Time:00:00.00 | Mem:1.57M, Peak:1.63M | Scene, ViewLayer | Updating Camera Volume
Fra:1 Mem:18.59M (Peak 18.76M) | Time:00:00.00 | Mem:1.57M, Peak:1.63M | Scene, ViewLayer | Updating Lookup Tables
Fra:1 Mem:18.59M (Peak 18.76M) | Time:00:00.00 | Mem:1.65M, Peak:1.65M | Scene, ViewLayer | Updating Lights
Fra:1 Mem:18.59M (Peak 18.76M) | Time:00:00.00 | Mem:1.65M, Peak:1.65M | Scene, ViewLayer | Updating Lights | Computing tree
Fra:1 Mem:18.59M (Peak 18.76M) | Time:00:00.00 | Mem:1.65M, Peak:1.65M | Scene, ViewLayer | Updating Integrator
Fra:1 Mem:18.59M (Peak 18.76M) | Time:00:00.00 | Mem:1.65M, Peak:1.65M | Scene, ViewLayer | Updating Film
Fra:1 Mem:18.59M (Peak 18.76M) | Time:00:00.00 | Mem:1.57M, Peak:1.65M | Scene, ViewLayer | Updating Lookup Tables
Fra:1 Mem:18.59M (Peak 18.76M) | Time:00:00.00 | Mem:1.65M, Peak:1.65M | Scene, ViewLayer | Updating Baking
Fra:1 Mem:18.59M (Peak 18.76M) | Time:00:00.00 | Mem:1.65M, Peak:1.65M | Scene, ViewLayer | Updating Device | Writing constant memory
Fra:1 Mem:18.59M (Peak 18.76M) | Time:00:00.00 | Mem:1.65M, Peak:1.65M | Scene, ViewLayer | Loading denoising kernels (may take a few minutes the first time)
Fra:1 Mem:18.59M (Peak 18.76M) | Time:00:00.00 | Mem:1.65M, Peak:1.65M | Scene, ViewLayer | Sample 0/24
Fra:1 Mem:80.88M (Peak 80.88M) | Time:00:00.02 | Remaining:00:00.43 | Mem:63.62M, Peak:63.62M | Scene, ViewLayer | Sample 1/24
Fra:1 Mem:106.98M (Peak 146.12M) | Time:00:01.38 | Mem:63.62M, Peak:63.62M | Scene, ViewLayer | Sample 24/24
Fra:1 Mem:106.98M (Peak 146.12M) | Time:00:01.38 | Mem:63.62M, Peak:63.62M | Scene, ViewLayer | Finished
Saved: '/Users/dgoldenh/Documents/GitHub/zoomer3D/print/flat_window_domes/qa/faceted_head.png'
Time: 00:01.42 (Saving: 00:00.03)

Fra:1 Mem:18.20M (Peak 18.20M) | Time:00:00.00 | Mem:0.00M, Peak:0.00M | Scene, ViewLayer | Synchronizing object | head | blue
Fra:1 Mem:18.20M (Peak 18.20M) | Time:00:00.00 | Mem:0.00M, Peak:0.00M | Scene, ViewLayer | Synchronizing object | head | ivory
Fra:1 Mem:18.22M (Peak 18.22M) | Time:00:00.00 | Mem:0.00M, Peak:0.00M | Scene, ViewLayer | Synchronizing object | Area.002
Fra:1 Mem:18.26M (Peak 18.26M) | Time:00:00.00 | Mem:0.00M, Peak:0.00M | Scene, ViewLayer | Synchronizing object | shared_adapter
Fra:1 Mem:18.82M (Peak 18.82M) | Time:00:00.00 | Mem:0.00M, Peak:0.00M | Scene, ViewLayer | Initializing
Fra:1 Mem:18.05M (Peak 18.82M) | Time:00:00.00 | Mem:0.00M, Peak:0.00M | Scene, ViewLayer | Waiting for render to start
Fra:1 Mem:18.05M (Peak 18.82M) | Time:00:00.00 | Mem:0.00M, Peak:0.00M | Scene, ViewLayer | Updating Scene
Fra:1 Mem:18.05M (Peak 18.82M) | Time:00:00.00 | Mem:0.00M, Peak:0.00M | Scene, ViewLayer | Updating Shaders
Fra:1 Mem:18.05M (Peak 18.82M) | Time:00:00.00 | Mem:0.00M, Peak:0.00M | Scene, ViewLayer | Loading render kernels (may take a few minutes the first time)
Fra:1 Mem:18.13M (Peak 18.82M) | Time:00:00.00 | Mem:0.01M, Peak:0.01M | Scene, ViewLayer | Updating Procedurals
Fra:1 Mem:18.13M (Peak 18.82M) | Time:00:00.00 | Mem:0.01M, Peak:0.01M | Scene, ViewLayer | Updating Background
Fra:1 Mem:18.13M (Peak 18.82M) | Time:00:00.00 | Mem:0.01M, Peak:0.01M | Scene, ViewLayer | Updating Camera
Fra:1 Mem:18.13M (Peak 18.82M) | Time:00:00.00 | Mem:0.01M, Peak:0.01M | Scene, ViewLayer | Updating Meshes Flags
Fra:1 Mem:18.13M (Peak 18.82M) | Time:00:00.00 | Mem:0.01M, Peak:0.01M | Scene, ViewLayer | Updating Objects
Fra:1 Mem:18.13M (Peak 18.82M) | Time:00:00.00 | Mem:0.01M, Peak:0.01M | Scene, ViewLayer | Updating Objects | Copying Transformations to device
Fra:1 Mem:18.14M (Peak 18.82M) | Time:00:00.00 | Mem:0.01M, Peak:0.01M | Scene, ViewLayer | Updating Particle Systems
Fra:1 Mem:18.14M (Peak 18.82M) | Time:00:00.00 | Mem:0.01M, Peak:0.01M | Scene, ViewLayer | Updating Particle Systems | Copying Particles to device
Fra:1 Mem:18.14M (Peak 18.82M) | Time:00:00.00 | Mem:0.01M, Peak:0.01M | Scene, ViewLayer | Updating Meshes
Fra:1 Mem:18.14M (Peak 18.82M) | Time:00:00.00 | Mem:0.01M, Peak:0.01M | Scene, ViewLayer | Updating Objects | Applying Static Transformations
Fra:1 Mem:18.14M (Peak 18.82M) | Time:00:00.00 | Mem:0.01M, Peak:0.01M | Scene, ViewLayer | Updating Mesh | Computing attributes
Fra:1 Mem:18.23M (Peak 18.82M) | Time:00:00.00 | Mem:0.01M, Peak:0.01M | Scene, ViewLayer | Updating Mesh | Copying Attributes to device
Fra:1 Mem:18.22M (Peak 18.82M) | Time:00:00.00 | Mem:0.10M, Peak:0.10M | Scene, ViewLayer | Updating Scene BVH | Building
Fra:1 Mem:18.22M (Peak 18.82M) | Time:00:00.00 | Mem:0.10M, Peak:0.10M | Scene, ViewLayer | Updating Scene BVH | Building BVH
Fra:1 Mem:18.22M (Peak 18.82M) | Time:00:00.00 | Mem:0.57M, Peak:0.57M | Scene, ViewLayer | Updating Scene BVH | Building BVH 0%
Fra:1 Mem:18.22M (Peak 18.82M) | Time:00:00.00 | Mem:1.13M, Peak:1.59M | Scene, ViewLayer | Updating Scene BVH | Copying BVH to device
Fra:1 Mem:18.22M (Peak 18.82M) | Time:00:00.00 | Mem:1.13M, Peak:1.59M | Scene, ViewLayer | Updating Mesh | Computing normals
Fra:1 Mem:18.63M (Peak 18.82M) | Time:00:00.00 | Mem:1.13M, Peak:1.59M | Scene, ViewLayer | Updating Mesh | Copying Mesh to device
Fra:1 Mem:18.63M (Peak 18.82M) | Time:00:00.00 | Mem:1.54M, Peak:1.59M | Scene, ViewLayer | Updating Objects Flags
Fra:1 Mem:18.63M (Peak 18.82M) | Time:00:00.00 | Mem:1.54M, Peak:1.59M | Scene, ViewLayer | Updating Primitive Offsets
Fra:1 Mem:18.63M (Peak 18.82M) | Time:00:00.00 | Mem:1.54M, Peak:1.59M | Scene, ViewLayer | Updating Images
Fra:1 Mem:18.63M (Peak 18.82M) | Time:00:00.00 | Mem:1.54M, Peak:1.59M | Scene, ViewLayer | Updating Camera Volume
Fra:1 Mem:18.63M (Peak 18.82M) | Time:00:00.00 | Mem:1.54M, Peak:1.59M | Scene, ViewLayer | Updating Lookup Tables
Fra:1 Mem:18.63M (Peak 18.82M) | Time:00:00.00 | Mem:1.62M, Peak:1.62M | Scene, ViewLayer | Updating Lights
Fra:1 Mem:18.63M (Peak 18.82M) | Time:00:00.00 | Mem:1.62M, Peak:1.62M | Scene, ViewLayer | Updating Lights | Computing tree
Fra:1 Mem:18.64M (Peak 18.82M) | Time:00:00.00 | Mem:1.62M, Peak:1.62M | Scene, ViewLayer | Updating Integrator
Fra:1 Mem:18.64M (Peak 18.82M) | Time:00:00.00 | Mem:1.62M, Peak:1.62M | Scene, ViewLayer | Updating Film
Fra:1 Mem:18.64M (Peak 18.82M) | Time:00:00.00 | Mem:1.54M, Peak:1.62M | Scene, ViewLayer | Updating Lookup Tables
Fra:1 Mem:18.64M (Peak 18.82M) | Time:00:00.00 | Mem:1.62M, Peak:1.62M | Scene, ViewLayer | Updating Baking
Fra:1 Mem:18.64M (Peak 18.82M) | Time:00:00.00 | Mem:1.62M, Peak:1.62M | Scene, ViewLayer | Updating Device | Writing constant memory
Fra:1 Mem:18.64M (Peak 18.82M) | Time:00:00.00 | Mem:1.62M, Peak:1.62M | Scene, ViewLayer | Loading denoising kernels (may take a few minutes the first time)
Fra:1 Mem:18.64M (Peak 18.82M) | Time:00:00.00 | Mem:1.62M, Peak:1.62M | Scene, ViewLayer | Sample 0/24
Fra:1 Mem:80.93M (Peak 80.93M) | Time:00:00.03 | Remaining:00:00.71 | Mem:63.59M, Peak:63.59M | Scene, ViewLayer | Sample 1/24
Fra:1 Mem:107.02M (Peak 146.17M) | Time:00:01.57 | Mem:63.59M, Peak:63.59M | Scene, ViewLayer | Sample 24/24
Fra:1 Mem:107.02M (Peak 146.17M) | Time:00:01.57 | Mem:63.59M, Peak:63.59M | Scene, ViewLayer | Finished
Saved: '/Users/dgoldenh/Documents/GitHub/zoomer3D/print/flat_window_domes/qa/faceted_cutaway.png'
Time: 00:01.61 (Saving: 00:00.03)

Fra:1 Mem:18.19M (Peak 18.19M) | Time:00:00.00 | Mem:0.00M, Peak:0.00M | Scene, ViewLayer | Synchronizing object | head | blue
Fra:1 Mem:18.19M (Peak 18.19M) | Time:00:00.00 | Mem:0.00M, Peak:0.00M | Scene, ViewLayer | Synchronizing object | head | ivory
Fra:1 Mem:18.23M (Peak 18.23M) | Time:00:00.00 | Mem:0.00M, Peak:0.00M | Scene, ViewLayer | Synchronizing object | Area
Fra:1 Mem:18.24M (Peak 18.24M) | Time:00:00.00 | Mem:0.00M, Peak:0.00M | Scene, ViewLayer | Synchronizing object | faceted_shell
Fra:1 Mem:18.29M (Peak 18.29M) | Time:00:00.00 | Mem:0.00M, Peak:0.00M | Scene, ViewLayer | Synchronizing object | shared_cap
Fra:1 Mem:18.80M (Peak 18.80M) | Time:00:00.00 | Mem:0.00M, Peak:0.00M | Scene, ViewLayer | Initializing
Fra:1 Mem:18.03M (Peak 18.80M) | Time:00:00.00 | Mem:0.00M, Peak:0.00M | Scene, ViewLayer | Waiting for render to start
Fra:1 Mem:18.03M (Peak 18.80M) | Time:00:00.00 | Mem:0.00M, Peak:0.00M | Scene, ViewLayer | Updating Scene
Fra:1 Mem:18.03M (Peak 18.80M) | Time:00:00.00 | Mem:0.00M, Peak:0.00M | Scene, ViewLayer | Updating Shaders
Fra:1 Mem:18.03M (Peak 18.80M) | Time:00:00.00 | Mem:0.00M, Peak:0.00M | Scene, ViewLayer | Loading render kernels (may take a few minutes the first time)
Fra:1 Mem:18.11M (Peak 18.80M) | Time:00:00.00 | Mem:0.01M, Peak:0.01M | Scene, ViewLayer | Updating Procedurals
Fra:1 Mem:18.11M (Peak 18.80M) | Time:00:00.00 | Mem:0.01M, Peak:0.01M | Scene, ViewLayer | Updating Background
Fra:1 Mem:18.11M (Peak 18.80M) | Time:00:00.00 | Mem:0.01M, Peak:0.01M | Scene, ViewLayer | Updating Camera
Fra:1 Mem:18.11M (Peak 18.80M) | Time:00:00.00 | Mem:0.01M, Peak:0.01M | Scene, ViewLayer | Updating Meshes Flags
Fra:1 Mem:18.11M (Peak 18.80M) | Time:00:00.00 | Mem:0.01M, Peak:0.01M | Scene, ViewLayer | Updating Objects
Fra:1 Mem:18.11M (Peak 18.80M) | Time:00:00.00 | Mem:0.01M, Peak:0.01M | Scene, ViewLayer | Updating Objects | Copying Transformations to device
Fra:1 Mem:18.12M (Peak 18.80M) | Time:00:00.00 | Mem:0.01M, Peak:0.01M | Scene, ViewLayer | Updating Particle Systems
Fra:1 Mem:18.12M (Peak 18.80M) | Time:00:00.00 | Mem:0.01M, Peak:0.01M | Scene, ViewLayer | Updating Particle Systems | Copying Particles to device
Fra:1 Mem:18.12M (Peak 18.80M) | Time:00:00.00 | Mem:0.01M, Peak:0.01M | Scene, ViewLayer | Updating Meshes
Fra:1 Mem:18.12M (Peak 18.80M) | Time:00:00.00 | Mem:0.01M, Peak:0.01M | Scene, ViewLayer | Updating Objects | Applying Static Transformations
Fra:1 Mem:18.12M (Peak 18.80M) | Time:00:00.00 | Mem:0.01M, Peak:0.01M | Scene, ViewLayer | Updating Mesh | Computing attributes
Fra:1 Mem:18.21M (Peak 18.80M) | Time:00:00.00 | Mem:0.01M, Peak:0.01M | Scene, ViewLayer | Updating Mesh | Copying Attributes to device
Fra:1 Mem:18.21M (Peak 18.80M) | Time:00:00.00 | Mem:0.10M, Peak:0.10M | Scene, ViewLayer | Updating Scene BVH | Building
Fra:1 Mem:18.21M (Peak 18.80M) | Time:00:00.00 | Mem:0.10M, Peak:0.10M | Scene, ViewLayer | Updating Scene BVH | Building BVH
Fra:1 Mem:18.21M (Peak 18.80M) | Time:00:00.00 | Mem:0.58M, Peak:0.58M | Scene, ViewLayer | Updating Scene BVH | Building BVH 0%
Fra:1 Mem:18.21M (Peak 18.80M) | Time:00:00.00 | Mem:1.15M, Peak:1.63M | Scene, ViewLayer | Updating Scene BVH | Copying BVH to device
Fra:1 Mem:18.21M (Peak 18.80M) | Time:00:00.00 | Mem:1.15M, Peak:1.63M | Scene, ViewLayer | Updating Mesh | Computing normals
Fra:1 Mem:18.63M (Peak 18.80M) | Time:00:00.00 | Mem:1.15M, Peak:1.63M | Scene, ViewLayer | Updating Mesh | Copying Mesh to device
Fra:1 Mem:18.63M (Peak 18.80M) | Time:00:00.00 | Mem:1.57M, Peak:1.63M | Scene, ViewLayer | Updating Objects Flags
Fra:1 Mem:18.63M (Peak 18.80M) | Time:00:00.00 | Mem:1.57M, Peak:1.63M | Scene, ViewLayer | Updating Primitive Offsets
Fra:1 Mem:18.63M (Peak 18.80M) | Time:00:00.00 | Mem:1.57M, Peak:1.63M | Scene, ViewLayer | Updating Images
Fra:1 Mem:18.63M (Peak 18.80M) | Time:00:00.00 | Mem:1.57M, Peak:1.63M | Scene, ViewLayer | Updating Camera Volume
Fra:1 Mem:18.63M (Peak 18.80M) | Time:00:00.00 | Mem:1.57M, Peak:1.63M | Scene, ViewLayer | Updating Lookup Tables
Fra:1 Mem:18.63M (Peak 18.80M) | Time:00:00.00 | Mem:1.65M, Peak:1.65M | Scene, ViewLayer | Updating Lights
Fra:1 Mem:18.63M (Peak 18.80M) | Time:00:00.00 | Mem:1.65M, Peak:1.65M | Scene, ViewLayer | Updating Lights | Computing tree
Fra:1 Mem:18.63M (Peak 18.80M) | Time:00:00.00 | Mem:1.65M, Peak:1.65M | Scene, ViewLayer | Updating Integrator
Fra:1 Mem:18.63M (Peak 18.80M) | Time:00:00.00 | Mem:1.65M, Peak:1.65M | Scene, ViewLayer | Updating Film
Fra:1 Mem:18.63M (Peak 18.80M) | Time:00:00.00 | Mem:1.57M, Peak:1.65M | Scene, ViewLayer | Updating Lookup Tables
Fra:1 Mem:18.63M (Peak 18.80M) | Time:00:00.00 | Mem:1.65M, Peak:1.65M | Scene, ViewLayer | Updating Baking
Fra:1 Mem:18.63M (Peak 18.80M) | Time:00:00.00 | Mem:1.65M, Peak:1.65M | Scene, ViewLayer | Updating Device | Writing constant memory
Fra:1 Mem:18.63M (Peak 18.80M) | Time:00:00.00 | Mem:1.65M, Peak:1.65M | Scene, ViewLayer | Loading denoising kernels (may take a few minutes the first time)
Fra:1 Mem:18.63M (Peak 18.80M) | Time:00:00.00 | Mem:1.65M, Peak:1.65M | Scene, ViewLayer | Sample 0/24
Fra:1 Mem:80.92M (Peak 80.92M) | Time:00:00.03 | Remaining:00:00.62 | Mem:63.62M, Peak:63.62M | Scene, ViewLayer | Sample 1/24
Fra:1 Mem:107.02M (Peak 146.16M) | Time:00:01.55 | Mem:63.62M, Peak:63.62M | Scene, ViewLayer | Sample 24/24
Fra:1 Mem:107.02M (Peak 146.16M) | Time:00:01.55 | Mem:63.62M, Peak:63.62M | Scene, ViewLayer | Finished
Saved: '/Users/dgoldenh/Documents/GitHub/zoomer3D/print/flat_window_domes/qa/faceted_exploded.png'
Time: 00:01.59 (Saving: 00:00.03)

Read blend: "/Users/dgoldenh/Documents/GitHub/zoomer3D/assets/zoomer_modular.blend"
Timer 'STL Import' took 0.35 ms
Timer 'STL Import' took 2.42 ms
Timer 'STL Import' took 0.63 ms
Timer 'STL Import' took 94791 ns
Timer 'STL Import' took 83583 ns
Fra:1 Mem:17.02M (Peak 17.02M) | Time:00:00.00 | Mem:0.00M, Peak:0.00M | Scene, ViewLayer | Synchronizing object | base_deck | blue
Fra:1 Mem:17.04M (Peak 17.04M) | Time:00:00.00 | Mem:0.00M, Peak:0.00M | Scene, ViewLayer | Synchronizing object | base_deck | red
Fra:1 Mem:17.04M (Peak 17.04M) | Time:00:00.00 | Mem:0.00M, Peak:0.00M | Scene, ViewLayer | Synchronizing object | head | dark
Fra:1 Mem:17.08M (Peak 17.08M) | Time:00:00.00 | Mem:0.00M, Peak:0.00M | Scene, ViewLayer | Synchronizing object | left_arm | green
Fra:1 Mem:17.10M (Peak 17.10M) | Time:00:00.00 | Mem:0.00M, Peak:0.00M | Scene, ViewLayer | Synchronizing object | right_shoulder_pin | red
Fra:1 Mem:17.13M (Peak 17.13M) | Time:00:00.00 | Mem:0.00M, Peak:0.00M | Scene, ViewLayer | Synchronizing object | right_track | dark
Fra:1 Mem:17.16M (Peak 17.16M) | Time:00:00.00 | Mem:0.00M, Peak:0.00M | Scene, ViewLayer | Synchronizing object | torso | green
Fra:1 Mem:17.25M (Peak 17.25M) | Time:00:00.00 | Mem:0.00M, Peak:0.00M | Scene, ViewLayer | Synchronizing object | torso | red
Fra:1 Mem:17.28M (Peak 17.28M) | Time:00:00.00 | Mem:0.00M, Peak:0.00M | Scene, ViewLayer | Synchronizing object | waist_column | blue
Fra:1 Mem:17.32M (Peak 17.32M) | Time:00:00.00 | Mem:0.00M, Peak:0.00M | Scene, ViewLayer | Synchronizing object | Area.002
Fra:1 Mem:17.39M (Peak 17.39M) | Time:00:00.00 | Mem:0.00M, Peak:0.00M | Scene, ViewLayer | Synchronizing object | sheet_hood
Fra:1 Mem:17.39M (Peak 17.39M) | Time:00:00.00 | Mem:0.00M, Peak:0.00M | Scene, ViewLayer | Synchronizing object | shared_cap
Fra:1 Mem:18.90M (Peak 18.90M) | Time:00:00.00 | Mem:0.00M, Peak:0.00M | Scene, ViewLayer | Synchronizing object | sheet_retainer
Fra:1 Mem:21.49M (Peak 21.49M) | Time:00:00.00 | Mem:0.00M, Peak:0.00M | Scene, ViewLayer | Initializing
Fra:1 Mem:19.68M (Peak 21.49M) | Time:00:00.00 | Mem:0.00M, Peak:0.00M | Scene, ViewLayer | Waiting for render to start
Fra:1 Mem:19.68M (Peak 21.49M) | Time:00:00.00 | Mem:0.00M, Peak:0.00M | Scene, ViewLayer | Updating Scene
Fra:1 Mem:19.68M (Peak 21.49M) | Time:00:00.00 | Mem:0.00M, Peak:0.00M | Scene, ViewLayer | Updating Shaders
Fra:1 Mem:19.68M (Peak 21.49M) | Time:00:00.00 | Mem:0.00M, Peak:0.00M | Scene, ViewLayer | Loading render kernels (may take a few minutes the first time)
Fra:1 Mem:19.77M (Peak 21.49M) | Time:00:00.00 | Mem:0.01M, Peak:0.01M | Scene, ViewLayer | Updating Procedurals
Fra:1 Mem:19.77M (Peak 21.49M) | Time:00:00.00 | Mem:0.01M, Peak:0.01M | Scene, ViewLayer | Updating Background
Fra:1 Mem:19.77M (Peak 21.49M) | Time:00:00.00 | Mem:0.01M, Peak:0.01M | Scene, ViewLayer | Updating Camera
Fra:1 Mem:19.77M (Peak 21.49M) | Time:00:00.00 | Mem:0.01M, Peak:0.01M | Scene, ViewLayer | Updating Meshes Flags
Fra:1 Mem:19.77M (Peak 21.49M) | Time:00:00.00 | Mem:0.01M, Peak:0.01M | Scene, ViewLayer | Updating Objects
Fra:1 Mem:19.77M (Peak 21.49M) | Time:00:00.00 | Mem:0.01M, Peak:0.01M | Scene, ViewLayer | Updating Objects | Copying Transformations to device
Fra:1 Mem:19.78M (Peak 21.49M) | Time:00:00.00 | Mem:0.02M, Peak:0.02M | Scene, ViewLayer | Updating Particle Systems
Fra:1 Mem:19.78M (Peak 21.49M) | Time:00:00.00 | Mem:0.02M, Peak:0.02M | Scene, ViewLayer | Updating Particle Systems | Copying Particles to device
Fra:1 Mem:19.78M (Peak 21.49M) | Time:00:00.00 | Mem:0.02M, Peak:0.02M | Scene, ViewLayer | Updating Meshes
Fra:1 Mem:19.78M (Peak 21.49M) | Time:00:00.00 | Mem:0.02M, Peak:0.02M | Scene, ViewLayer | Updating Objects | Applying Static Transformations
Fra:1 Mem:19.78M (Peak 21.49M) | Time:00:00.00 | Mem:0.02M, Peak:0.02M | Scene, ViewLayer | Updating Mesh | Computing attributes
Fra:1 Mem:20.09M (Peak 21.49M) | Time:00:00.00 | Mem:0.02M, Peak:0.02M | Scene, ViewLayer | Updating Mesh | Copying Attributes to device
Fra:1 Mem:20.09M (Peak 21.49M) | Time:00:00.00 | Mem:0.32M, Peak:0.32M | Scene, ViewLayer | Updating Scene BVH | Building
Fra:1 Mem:20.09M (Peak 21.49M) | Time:00:00.00 | Mem:0.32M, Peak:0.32M | Scene, ViewLayer | Updating Scene BVH | Building BVH
Fra:1 Mem:20.09M (Peak 21.49M) | Time:00:00.00 | Mem:1.92M, Peak:1.92M | Scene, ViewLayer | Updating Scene BVH | Building BVH 0%
Fra:1 Mem:20.09M (Peak 21.49M) | Time:00:00.01 | Mem:3.82M, Peak:5.42M | Scene, ViewLayer | Updating Scene BVH | Copying BVH to device
Fra:1 Mem:20.09M (Peak 21.49M) | Time:00:00.01 | Mem:3.82M, Peak:5.42M | Scene, ViewLayer | Updating Mesh | Computing normals
Fra:1 Mem:21.49M (Peak 21.49M) | Time:00:00.01 | Mem:3.82M, Peak:5.42M | Scene, ViewLayer | Updating Mesh | Copying Mesh to device
Fra:1 Mem:21.49M (Peak 21.49M) | Time:00:00.01 | Mem:5.23M, Peak:5.42M | Scene, ViewLayer | Updating Objects Flags
Fra:1 Mem:21.49M (Peak 21.49M) | Time:00:00.01 | Mem:5.23M, Peak:5.42M | Scene, ViewLayer | Updating Primitive Offsets
Fra:1 Mem:21.49M (Peak 21.49M) | Time:00:00.01 | Mem:5.23M, Peak:5.42M | Scene, ViewLayer | Updating Images
Fra:1 Mem:21.49M (Peak 21.49M) | Time:00:00.01 | Mem:5.23M, Peak:5.42M | Scene, ViewLayer | Updating Camera Volume
Fra:1 Mem:21.49M (Peak 21.49M) | Time:00:00.01 | Mem:5.23M, Peak:5.42M | Scene, ViewLayer | Updating Lookup Tables
Fra:1 Mem:21.49M (Peak 21.49M) | Time:00:00.01 | Mem:5.31M, Peak:5.42M | Scene, ViewLayer | Updating Lights
Fra:1 Mem:21.49M (Peak 21.49M) | Time:00:00.01 | Mem:5.31M, Peak:5.42M | Scene, ViewLayer | Updating Lights | Computing tree
Fra:1 Mem:21.49M (Peak 21.49M) | Time:00:00.01 | Mem:5.31M, Peak:5.42M | Scene, ViewLayer | Updating Integrator
Fra:1 Mem:21.49M (Peak 21.49M) | Time:00:00.01 | Mem:5.31M, Peak:5.42M | Scene, ViewLayer | Updating Film
Fra:1 Mem:21.50M (Peak 21.50M) | Time:00:00.01 | Mem:5.23M, Peak:5.42M | Scene, ViewLayer | Updating Lookup Tables
Fra:1 Mem:21.50M (Peak 21.50M) | Time:00:00.01 | Mem:5.31M, Peak:5.42M | Scene, ViewLayer | Updating Baking
Fra:1 Mem:21.50M (Peak 21.50M) | Time:00:00.01 | Mem:5.31M, Peak:5.42M | Scene, ViewLayer | Updating Device | Writing constant memory
Fra:1 Mem:21.50M (Peak 21.50M) | Time:00:00.01 | Mem:5.31M, Peak:5.42M | Scene, ViewLayer | Loading denoising kernels (may take a few minutes the first time)
Fra:1 Mem:21.50M (Peak 21.50M) | Time:00:00.01 | Mem:5.31M, Peak:5.42M | Scene, ViewLayer | Sample 0/24
Fra:1 Mem:83.79M (Peak 83.79M) | Time:00:00.04 | Remaining:00:00.74 | Mem:67.28M, Peak:67.28M | Scene, ViewLayer | Sample 1/24
Fra:1 Mem:109.88M (Peak 149.02M) | Time:00:01.71 | Mem:67.28M, Peak:67.28M | Scene, ViewLayer | Sample 24/24
Fra:1 Mem:109.88M (Peak 149.02M) | Time:00:01.71 | Mem:67.28M, Peak:67.28M | Scene, ViewLayer | Finished
Saved: '/Users/dgoldenh/Documents/GitHub/zoomer3D/print/flat_window_domes/qa/sheet_window_robot.png'
Time: 00:01.76 (Saving: 00:00.04)

Fra:1 Mem:18.55M (Peak 18.55M) | Time:00:00.00 | Mem:0.00M, Peak:0.00M | Scene, ViewLayer | Synchronizing object | head | blue
Fra:1 Mem:18.56M (Peak 18.56M) | Time:00:00.00 | Mem:0.00M, Peak:0.00M | Scene, ViewLayer | Synchronizing object | clear_sheet_NOT_FOR_PRINTING
Fra:1 Mem:18.56M (Peak 18.56M) | Time:00:00.00 | Mem:0.00M, Peak:0.00M | Scene, ViewLayer | Synchronizing object | head | ivory
Fra:1 Mem:18.56M (Peak 18.56M) | Time:00:00.00 | Mem:0.00M, Peak:0.00M | Scene, ViewLayer | Synchronizing object | sheet_retainer
Fra:1 Mem:18.61M (Peak 18.61M) | Time:00:00.00 | Mem:0.00M, Peak:0.00M | Scene, ViewLayer | Synchronizing object | shared_adapter
Fra:1 Mem:18.68M (Peak 18.68M) | Time:00:00.00 | Mem:0.00M, Peak:0.00M | Scene, ViewLayer | Synchronizing object | head | red
Fra:1 Mem:18.68M (Peak 18.68M) | Time:00:00.00 | Mem:0.00M, Peak:0.00M | Scene, ViewLayer | Synchronizing object | Area.002
Fra:1 Mem:18.68M (Peak 18.68M) | Time:00:00.00 | Mem:0.00M, Peak:0.00M | Scene, ViewLayer | Synchronizing object | sheet_hood
Fra:1 Mem:19.17M (Peak 19.17M) | Time:00:00.00 | Mem:0.00M, Peak:0.00M | Scene, ViewLayer | Initializing
Fra:1 Mem:18.24M (Peak 19.17M) | Time:00:00.00 | Mem:0.00M, Peak:0.00M | Scene, ViewLayer | Waiting for render to start
Fra:1 Mem:18.24M (Peak 19.17M) | Time:00:00.00 | Mem:0.00M, Peak:0.00M | Scene, ViewLayer | Updating Scene
Fra:1 Mem:18.24M (Peak 19.17M) | Time:00:00.00 | Mem:0.00M, Peak:0.00M | Scene, ViewLayer | Updating Shaders
Fra:1 Mem:18.24M (Peak 19.17M) | Time:00:00.00 | Mem:0.00M, Peak:0.00M | Scene, ViewLayer | Loading render kernels (may take a few minutes the first time)
Fra:1 Mem:18.33M (Peak 19.17M) | Time:00:00.00 | Mem:0.01M, Peak:0.01M | Scene, ViewLayer | Updating Procedurals
Fra:1 Mem:18.33M (Peak 19.17M) | Time:00:00.00 | Mem:0.01M, Peak:0.01M | Scene, ViewLayer | Updating Background
Fra:1 Mem:18.33M (Peak 19.17M) | Time:00:00.00 | Mem:0.01M, Peak:0.01M | Scene, ViewLayer | Updating Camera
Fra:1 Mem:18.33M (Peak 19.17M) | Time:00:00.00 | Mem:0.01M, Peak:0.01M | Scene, ViewLayer | Updating Meshes Flags
Fra:1 Mem:18.33M (Peak 19.17M) | Time:00:00.00 | Mem:0.01M, Peak:0.01M | Scene, ViewLayer | Updating Objects
Fra:1 Mem:18.33M (Peak 19.17M) | Time:00:00.00 | Mem:0.01M, Peak:0.01M | Scene, ViewLayer | Updating Objects | Copying Transformations to device
Fra:1 Mem:18.33M (Peak 19.17M) | Time:00:00.00 | Mem:0.01M, Peak:0.01M | Scene, ViewLayer | Updating Particle Systems
Fra:1 Mem:18.33M (Peak 19.17M) | Time:00:00.00 | Mem:0.01M, Peak:0.01M | Scene, ViewLayer | Updating Particle Systems | Copying Particles to device
Fra:1 Mem:18.33M (Peak 19.17M) | Time:00:00.00 | Mem:0.01M, Peak:0.01M | Scene, ViewLayer | Updating Meshes
Fra:1 Mem:18.33M (Peak 19.17M) | Time:00:00.00 | Mem:0.01M, Peak:0.01M | Scene, ViewLayer | Updating Objects | Applying Static Transformations
Fra:1 Mem:18.33M (Peak 19.17M) | Time:00:00.00 | Mem:0.01M, Peak:0.01M | Scene, ViewLayer | Updating Mesh | Computing attributes
Fra:1 Mem:18.42M (Peak 19.17M) | Time:00:00.00 | Mem:0.01M, Peak:0.01M | Scene, ViewLayer | Updating Mesh | Copying Attributes to device
Fra:1 Mem:18.42M (Peak 19.17M) | Time:00:00.00 | Mem:0.10M, Peak:0.10M | Scene, ViewLayer | Updating Scene BVH | Building
Fra:1 Mem:18.42M (Peak 19.17M) | Time:00:00.00 | Mem:0.10M, Peak:0.10M | Scene, ViewLayer | Updating Scene BVH | Building BVH
Fra:1 Mem:18.42M (Peak 19.17M) | Time:00:00.00 | Mem:0.58M, Peak:0.58M | Scene, ViewLayer | Updating Scene BVH | Building BVH 0%
Fra:1 Mem:18.42M (Peak 19.17M) | Time:00:00.00 | Mem:1.15M, Peak:1.63M | Scene, ViewLayer | Updating Scene BVH | Copying BVH to device
Fra:1 Mem:18.42M (Peak 19.17M) | Time:00:00.00 | Mem:1.15M, Peak:1.63M | Scene, ViewLayer | Updating Mesh | Computing normals
Fra:1 Mem:18.84M (Peak 19.17M) | Time:00:00.00 | Mem:1.15M, Peak:1.63M | Scene, ViewLayer | Updating Mesh | Copying Mesh to device
Fra:1 Mem:18.84M (Peak 19.17M) | Time:00:00.00 | Mem:1.57M, Peak:1.63M | Scene, ViewLayer | Updating Objects Flags
Fra:1 Mem:18.84M (Peak 19.17M) | Time:00:00.00 | Mem:1.57M, Peak:1.63M | Scene, ViewLayer | Updating Primitive Offsets
Fra:1 Mem:18.84M (Peak 19.17M) | Time:00:00.00 | Mem:1.57M, Peak:1.63M | Scene, ViewLayer | Updating Images
Fra:1 Mem:18.84M (Peak 19.17M) | Time:00:00.00 | Mem:1.57M, Peak:1.63M | Scene, ViewLayer | Updating Camera Volume
Fra:1 Mem:18.84M (Peak 19.17M) | Time:00:00.00 | Mem:1.57M, Peak:1.63M | Scene, ViewLayer | Updating Lookup Tables
Fra:1 Mem:18.84M (Peak 19.17M) | Time:00:00.00 | Mem:1.65M, Peak:1.65M | Scene, ViewLayer | Updating Lights
Fra:1 Mem:18.84M (Peak 19.17M) | Time:00:00.00 | Mem:1.65M, Peak:1.65M | Scene, ViewLayer | Updating Lights | Computing tree
Fra:1 Mem:18.84M (Peak 19.17M) | Time:00:00.00 | Mem:1.65M, Peak:1.65M | Scene, ViewLayer | Updating Integrator
Fra:1 Mem:18.84M (Peak 19.17M) | Time:00:00.00 | Mem:1.65M, Peak:1.65M | Scene, ViewLayer | Updating Film
Fra:1 Mem:18.85M (Peak 19.17M) | Time:00:00.00 | Mem:1.57M, Peak:1.65M | Scene, ViewLayer | Updating Lookup Tables
Fra:1 Mem:18.85M (Peak 19.17M) | Time:00:00.00 | Mem:1.66M, Peak:1.66M | Scene, ViewLayer | Updating Baking
Fra:1 Mem:18.85M (Peak 19.17M) | Time:00:00.00 | Mem:1.66M, Peak:1.66M | Scene, ViewLayer | Updating Device | Writing constant memory
Fra:1 Mem:18.85M (Peak 19.17M) | Time:00:00.00 | Mem:1.66M, Peak:1.66M | Scene, ViewLayer | Loading denoising kernels (may take a few minutes the first time)
Fra:1 Mem:18.85M (Peak 19.17M) | Time:00:00.00 | Mem:1.66M, Peak:1.66M | Scene, ViewLayer | Sample 0/24
Fra:1 Mem:81.14M (Peak 81.14M) | Time:00:00.05 | Remaining:00:01.10 | Mem:63.63M, Peak:63.63M | Scene, ViewLayer | Sample 1/24
Fra:1 Mem:107.23M (Peak 146.37M) | Time:00:02.31 | Mem:63.63M, Peak:63.63M | Scene, ViewLayer | Sample 24/24
Fra:1 Mem:107.23M (Peak 146.37M) | Time:00:02.31 | Mem:63.63M, Peak:63.63M | Scene, ViewLayer | Finished
Saved: '/Users/dgoldenh/Documents/GitHub/zoomer3D/print/flat_window_domes/qa/sheet_window_head.png'
Time: 00:02.37 (Saving: 00:00.06)

Fra:1 Mem:18.55M (Peak 18.55M) | Time:00:00.00 | Mem:0.00M, Peak:0.00M | Scene, ViewLayer | Synchronizing object | head | blue
Fra:1 Mem:18.55M (Peak 18.55M) | Time:00:00.00 | Mem:0.00M, Peak:0.00M | Scene, ViewLayer | Synchronizing object | head | ivory
Fra:1 Mem:18.55M (Peak 18.55M) | Time:00:00.00 | Mem:0.00M, Peak:0.00M | Scene, ViewLayer | Synchronizing object | shared_adapter
Fra:1 Mem:18.56M (Peak 18.56M) | Time:00:00.00 | Mem:0.00M, Peak:0.00M | Scene, ViewLayer | Synchronizing object | sheet_retainer
Fra:1 Mem:19.17M (Peak 19.17M) | Time:00:00.00 | Mem:0.00M, Peak:0.00M | Scene, ViewLayer | Initializing
Fra:1 Mem:18.24M (Peak 19.17M) | Time:00:00.00 | Mem:0.00M, Peak:0.00M | Scene, ViewLayer | Waiting for render to start
Fra:1 Mem:18.24M (Peak 19.17M) | Time:00:00.00 | Mem:0.00M, Peak:0.00M | Scene, ViewLayer | Updating Scene
Fra:1 Mem:18.24M (Peak 19.17M) | Time:00:00.00 | Mem:0.00M, Peak:0.00M | Scene, ViewLayer | Updating Shaders
Fra:1 Mem:18.24M (Peak 19.17M) | Time:00:00.00 | Mem:0.00M, Peak:0.00M | Scene, ViewLayer | Loading render kernels (may take a few minutes the first time)
Fra:1 Mem:18.33M (Peak 19.17M) | Time:00:00.00 | Mem:0.01M, Peak:0.01M | Scene, ViewLayer | Updating Procedurals
Fra:1 Mem:18.33M (Peak 19.17M) | Time:00:00.00 | Mem:0.01M, Peak:0.01M | Scene, ViewLayer | Updating Background
Fra:1 Mem:18.33M (Peak 19.17M) | Time:00:00.00 | Mem:0.01M, Peak:0.01M | Scene, ViewLayer | Updating Camera
Fra:1 Mem:18.33M (Peak 19.17M) | Time:00:00.00 | Mem:0.01M, Peak:0.01M | Scene, ViewLayer | Updating Meshes Flags
Fra:1 Mem:18.33M (Peak 19.17M) | Time:00:00.00 | Mem:0.01M, Peak:0.01M | Scene, ViewLayer | Updating Objects
Fra:1 Mem:18.33M (Peak 19.17M) | Time:00:00.00 | Mem:0.01M, Peak:0.01M | Scene, ViewLayer | Updating Objects | Copying Transformations to device
Fra:1 Mem:18.33M (Peak 19.17M) | Time:00:00.00 | Mem:0.01M, Peak:0.01M | Scene, ViewLayer | Updating Particle Systems
Fra:1 Mem:18.33M (Peak 19.17M) | Time:00:00.00 | Mem:0.01M, Peak:0.01M | Scene, ViewLayer | Updating Particle Systems | Copying Particles to device
Fra:1 Mem:18.33M (Peak 19.17M) | Time:00:00.00 | Mem:0.01M, Peak:0.01M | Scene, ViewLayer | Updating Meshes
Fra:1 Mem:18.33M (Peak 19.17M) | Time:00:00.00 | Mem:0.01M, Peak:0.01M | Scene, ViewLayer | Updating Objects | Applying Static Transformations
Fra:1 Mem:18.33M (Peak 19.17M) | Time:00:00.00 | Mem:0.01M, Peak:0.01M | Scene, ViewLayer | Updating Mesh | Computing attributes
Fra:1 Mem:18.42M (Peak 19.17M) | Time:00:00.00 | Mem:0.01M, Peak:0.01M | Scene, ViewLayer | Updating Mesh | Copying Attributes to device
Fra:1 Mem:18.42M (Peak 19.17M) | Time:00:00.00 | Mem:0.10M, Peak:0.10M | Scene, ViewLayer | Updating Scene BVH | Building
Fra:1 Mem:18.42M (Peak 19.17M) | Time:00:00.00 | Mem:0.10M, Peak:0.10M | Scene, ViewLayer | Updating Scene BVH | Building BVH
Fra:1 Mem:18.42M (Peak 19.17M) | Time:00:00.00 | Mem:0.58M, Peak:0.58M | Scene, ViewLayer | Updating Scene BVH | Building BVH 0%
Fra:1 Mem:18.42M (Peak 19.17M) | Time:00:00.01 | Mem:1.15M, Peak:1.63M | Scene, ViewLayer | Updating Scene BVH | Copying BVH to device
Fra:1 Mem:18.42M (Peak 19.17M) | Time:00:00.01 | Mem:1.15M, Peak:1.63M | Scene, ViewLayer | Updating Mesh | Computing normals
Fra:1 Mem:18.84M (Peak 19.17M) | Time:00:00.01 | Mem:1.15M, Peak:1.63M | Scene, ViewLayer | Updating Mesh | Copying Mesh to device
Fra:1 Mem:18.84M (Peak 19.17M) | Time:00:00.01 | Mem:1.57M, Peak:1.63M | Scene, ViewLayer | Updating Objects Flags
Fra:1 Mem:18.84M (Peak 19.17M) | Time:00:00.01 | Mem:1.57M, Peak:1.63M | Scene, ViewLayer | Updating Primitive Offsets
Fra:1 Mem:18.84M (Peak 19.17M) | Time:00:00.01 | Mem:1.57M, Peak:1.63M | Scene, ViewLayer | Updating Images
Fra:1 Mem:18.84M (Peak 19.17M) | Time:00:00.01 | Mem:1.57M, Peak:1.63M | Scene, ViewLayer | Updating Camera Volume
Fra:1 Mem:18.84M (Peak 19.17M) | Time:00:00.01 | Mem:1.57M, Peak:1.63M | Scene, ViewLayer | Updating Lookup Tables
Fra:1 Mem:18.84M (Peak 19.17M) | Time:00:00.01 | Mem:1.65M, Peak:1.65M | Scene, ViewLayer | Updating Lights
Fra:1 Mem:18.84M (Peak 19.17M) | Time:00:00.01 | Mem:1.65M, Peak:1.65M | Scene, ViewLayer | Updating Lights | Computing tree
Fra:1 Mem:18.84M (Peak 19.17M) | Time:00:00.01 | Mem:1.65M, Peak:1.65M | Scene, ViewLayer | Updating Integrator
Fra:1 Mem:18.84M (Peak 19.17M) | Time:00:00.01 | Mem:1.65M, Peak:1.65M | Scene, ViewLayer | Updating Film
Fra:1 Mem:18.85M (Peak 19.17M) | Time:00:00.01 | Mem:1.57M, Peak:1.65M | Scene, ViewLayer | Updating Lookup Tables
Fra:1 Mem:18.85M (Peak 19.17M) | Time:00:00.01 | Mem:1.66M, Peak:1.66M | Scene, ViewLayer | Updating Baking
Fra:1 Mem:18.85M (Peak 19.17M) | Time:00:00.01 | Mem:1.66M, Peak:1.66M | Scene, ViewLayer | Updating Device | Writing constant memory
Fra:1 Mem:18.85M (Peak 19.17M) | Time:00:00.01 | Mem:1.66M, Peak:1.66M | Scene, ViewLayer | Loading denoising kernels (may take a few minutes the first time)
Fra:1 Mem:18.85M (Peak 19.17M) | Time:00:00.01 | Mem:1.66M, Peak:1.66M | Scene, ViewLayer | Sample 0/24
Fra:1 Mem:81.14M (Peak 81.14M) | Time:00:00.06 | Remaining:00:01.15 | Mem:63.63M, Peak:63.63M | Scene, ViewLayer | Sample 1/24
Fra:1 Mem:107.23M (Peak 146.37M) | Time:00:02.09 | Mem:63.63M, Peak:63.63M | Scene, ViewLayer | Sample 24/24
Fra:1 Mem:107.23M (Peak 146.37M) | Time:00:02.09 | Mem:63.63M, Peak:63.63M | Scene, ViewLayer | Finished
Saved: '/Users/dgoldenh/Documents/GitHub/zoomer3D/print/flat_window_domes/qa/sheet_window_exploded.png'
Time: 00:02.13 (Saving: 00:00.03)

Info: Saved as "zoomer_faceted_dome.blend"
Info: Saved as "zoomer_sheet_window_dome.blend"
Both new inspection scenes saved; original model unchanged.

Blender quit
