Blender 4.5.14 LTS (hash 62c1db4208e8 built 2026-09-15 01:30:44)
Read blend: "/Users/dgoldenh/Documents/GitHub/zoomer3D/assets/zoomer_modular.blend"
Fra:1 Mem:13.54M (Peak 13.54M) | Time:00:00.01 | Mem:0.00M, Peak:0.00M | Scene, ViewLayer | Synchronizing object | base_deck | blue
Fra:1 Mem:13.55M (Peak 13.55M) | Time:00:00.01 | Mem:0.00M, Peak:0.00M | Scene, ViewLayer | Synchronizing object | base_deck | red
Fra:1 Mem:13.55M (Peak 13.55M) | Time:00:00.01 | Mem:0.00M, Peak:0.00M | Scene, ViewLayer | Synchronizing object | head | blue
Fra:1 Mem:13.56M (Peak 13.56M) | Time:00:00.01 | Mem:0.00M, Peak:0.00M | Scene, ViewLayer | Synchronizing object | right_arm | green
Fra:1 Mem:13.57M (Peak 13.57M) | Time:00:00.01 | Mem:0.00M, Peak:0.00M | Scene, ViewLayer | Synchronizing object | right_track | blue
Fra:1 Mem:13.58M (Peak 13.58M) | Time:00:00.01 | Mem:0.00M, Peak:0.00M | Scene, ViewLayer | Synchronizing object | right_track | dark
Fra:1 Mem:13.62M (Peak 13.62M) | Time:00:00.01 | Mem:0.00M, Peak:0.00M | Scene, ViewLayer | Synchronizing object | torso | blue
Fra:1 Mem:13.69M (Peak 13.69M) | Time:00:00.01 | Mem:0.00M, Peak:0.00M | Scene, ViewLayer | Synchronizing object | torso | green
Fra:1 Mem:13.71M (Peak 13.71M) | Time:00:00.01 | Mem:0.00M, Peak:0.00M | Scene, ViewLayer | Synchronizing object | waist_column | blue
Fra:1 Mem:13.76M (Peak 13.76M) | Time:00:00.01 | Mem:0.00M, Peak:0.00M | Scene, ViewLayer | Synchronizing object | waist_column | red
Fra:1 Mem:13.81M (Peak 13.81M) | Time:00:00.01 | Mem:0.00M, Peak:0.00M | Scene, ViewLayer | Synchronizing object | Area
Fra:1 Mem:13.82M (Peak 13.82M) | Time:00:00.01 | Mem:0.00M, Peak:0.00M | Scene, ViewLayer | Synchronizing object | Area.001
Fra:1 Mem:17.58M (Peak 17.58M) | Time:00:00.01 | Mem:0.00M, Peak:0.00M | Scene, ViewLayer | Initializing
Fra:1 Mem:16.07M (Peak 17.58M) | Time:00:00.01 | Mem:0.00M, Peak:0.00M | Scene, ViewLayer | Waiting for render to start
Fra:1 Mem:16.07M (Peak 17.58M) | Time:00:00.01 | Mem:0.00M, Peak:0.00M | Scene, ViewLayer | Updating Scene
Fra:1 Mem:16.07M (Peak 17.58M) | Time:00:00.01 | Mem:0.00M, Peak:0.00M | Scene, ViewLayer | Updating Shaders
Fra:1 Mem:16.07M (Peak 17.58M) | Time:00:00.01 | Mem:0.00M, Peak:0.00M | Scene, ViewLayer | Loading render kernels (may take a few minutes the first time)
Fra:1 Mem:16.16M (Peak 17.58M) | Time:00:00.01 | Mem:0.00M, Peak:0.00M | Scene, ViewLayer | Updating Procedurals
Fra:1 Mem:16.16M (Peak 17.58M) | Time:00:00.01 | Mem:0.00M, Peak:0.00M | Scene, ViewLayer | Updating Background
Fra:1 Mem:16.16M (Peak 17.58M) | Time:00:00.01 | Mem:0.00M, Peak:0.00M | Scene, ViewLayer | Updating Camera
Fra:1 Mem:16.16M (Peak 17.58M) | Time:00:00.01 | Mem:0.00M, Peak:0.00M | Scene, ViewLayer | Updating Meshes Flags
Fra:1 Mem:16.16M (Peak 17.58M) | Time:00:00.01 | Mem:0.00M, Peak:0.00M | Scene, ViewLayer | Updating Objects
Fra:1 Mem:16.16M (Peak 17.58M) | Time:00:00.01 | Mem:0.00M, Peak:0.00M | Scene, ViewLayer | Updating Objects | Copying Transformations to device
Fra:1 Mem:16.17M (Peak 17.58M) | Time:00:00.01 | Mem:0.01M, Peak:0.01M | Scene, ViewLayer | Updating Particle Systems
Fra:1 Mem:16.17M (Peak 17.58M) | Time:00:00.01 | Mem:0.01M, Peak:0.01M | Scene, ViewLayer | Updating Particle Systems | Copying Particles to device
Fra:1 Mem:16.17M (Peak 17.58M) | Time:00:00.01 | Mem:0.01M, Peak:0.01M | Scene, ViewLayer | Updating Meshes
Fra:1 Mem:16.17M (Peak 17.58M) | Time:00:00.01 | Mem:0.01M, Peak:0.01M | Scene, ViewLayer | Updating Objects | Applying Static Transformations
Fra:1 Mem:16.17M (Peak 17.58M) | Time:00:00.01 | Mem:0.01M, Peak:0.01M | Scene, ViewLayer | Updating Mesh | Computing attributes
Fra:1 Mem:16.45M (Peak 17.58M) | Time:00:00.01 | Mem:0.02M, Peak:0.02M | Scene, ViewLayer | Updating Mesh | Copying Attributes to device
Fra:1 Mem:16.45M (Peak 17.58M) | Time:00:00.01 | Mem:0.29M, Peak:0.29M | Scene, ViewLayer | Updating Scene BVH | Building
Fra:1 Mem:16.45M (Peak 17.58M) | Time:00:00.01 | Mem:0.29M, Peak:0.29M | Scene, ViewLayer | Updating Scene BVH | Building BVH
Fra:1 Mem:16.45M (Peak 17.58M) | Time:00:00.01 | Mem:1.73M, Peak:1.73M | Scene, ViewLayer | Updating Scene BVH | Building BVH 0%
Fra:1 Mem:16.45M (Peak 17.58M) | Time:00:00.02 | Mem:3.45M, Peak:4.89M | Scene, ViewLayer | Updating Scene BVH | Copying BVH to device
Fra:1 Mem:16.45M (Peak 17.58M) | Time:00:00.02 | Mem:3.45M, Peak:4.89M | Scene, ViewLayer | Updating Mesh | Computing normals
Fra:1 Mem:17.71M (Peak 17.71M) | Time:00:00.02 | Mem:3.45M, Peak:4.89M | Scene, ViewLayer | Updating Mesh | Copying Mesh to device
Fra:1 Mem:17.71M (Peak 17.71M) | Time:00:00.02 | Mem:4.72M, Peak:4.89M | Scene, ViewLayer | Updating Objects Flags
Fra:1 Mem:17.71M (Peak 17.71M) | Time:00:00.02 | Mem:4.72M, Peak:4.89M | Scene, ViewLayer | Updating Primitive Offsets
Fra:1 Mem:17.71M (Peak 17.71M) | Time:00:00.02 | Mem:4.72M, Peak:4.89M | Scene, ViewLayer | Updating Images
Fra:1 Mem:17.71M (Peak 17.71M) | Time:00:00.02 | Mem:4.72M, Peak:4.89M | Scene, ViewLayer | Updating Camera Volume
Fra:1 Mem:17.71M (Peak 17.71M) | Time:00:00.02 | Mem:4.72M, Peak:4.89M | Scene, ViewLayer | Updating Lookup Tables
Fra:1 Mem:17.71M (Peak 17.71M) | Time:00:00.02 | Mem:4.80M, Peak:4.89M | Scene, ViewLayer | Updating Lights
Fra:1 Mem:17.71M (Peak 17.71M) | Time:00:00.02 | Mem:4.80M, Peak:4.89M | Scene, ViewLayer | Updating Lights | Computing tree
Fra:1 Mem:17.71M (Peak 17.71M) | Time:00:00.02 | Mem:4.80M, Peak:4.89M | Scene, ViewLayer | Updating Integrator
Fra:1 Mem:17.71M (Peak 17.71M) | Time:00:00.02 | Mem:4.80M, Peak:4.89M | Scene, ViewLayer | Updating Film
Fra:1 Mem:17.72M (Peak 17.72M) | Time:00:00.02 | Mem:4.72M, Peak:4.89M | Scene, ViewLayer | Updating Lookup Tables
Fra:1 Mem:17.72M (Peak 17.72M) | Time:00:00.02 | Mem:4.80M, Peak:4.89M | Scene, ViewLayer | Updating Baking
Fra:1 Mem:17.72M (Peak 17.72M) | Time:00:00.02 | Mem:4.80M, Peak:4.89M | Scene, ViewLayer | Updating Device | Writing constant memory
Fra:1 Mem:17.72M (Peak 17.72M) | Time:00:00.02 | Mem:4.80M, Peak:4.89M | Scene, ViewLayer | Loading denoising kernels (may take a few minutes the first time)
Fra:1 Mem:17.72M (Peak 17.72M) | Time:00:00.02 | Mem:4.80M, Peak:4.89M | Scene, ViewLayer | Sample 0/16
Fra:1 Mem:55.15M (Peak 55.15M) | Time:00:00.04 | Remaining:00:00.27 | Mem:41.91M, Peak:41.91M | Scene, ViewLayer | Sample 1/16
Fra:1 Mem:70.78M (Peak 94.22M) | Time:00:00.82 | Mem:41.91M, Peak:41.91M | Scene, ViewLayer | Sample 16/16
Fra:1 Mem:70.78M (Peak 94.22M) | Time:00:00.82 | Mem:41.91M, Peak:41.91M | Scene, ViewLayer | Finished
Saved: '/Users/dgoldenh/Documents/GitHub/zoomer3D/diagnostics/blender/update_render.png'
Time: 00:00.90 (Saving: 00:00.07)

ZOOMER_UPDATE_CHECK {"blender_version": "4.5.14 LTS", "source_file": "assets/zoomer_modular.blend", "source_sha256": "ee9dbfe1af56cf62d9378825f7423f49447a3ad5752ab28d7333673fb6377992", "source_unchanged": true, "mesh_objects": 34, "joint_controls_checked": ["Head yaw", "Left shoulder", "Right shoulder"], "render_engine": "CYCLES", "render_device": "CPU", "render_size": [640, 800], "render_completed": true}

Blender quit
